9443381
9400645
9423781
9454931
9434349
9429203
9411114
9394140
9414865
9438227
