41528838
41658979
41543062
41446594
41418055
41416047
41208916
41422641
41415483
41159810
