42121919
42147014
41751082
42205450
41810882
41709504
41988058
42019124
41669091
41775419
