17325186
17333115
17349346
17321850
17335147
17366263
17386169
17384298
17410755
17319573
